  <k>
    diffResult ( ( S1
    SetItem ( X:MyId ) ) -Set S2 ) ~> .
  </k>
#And
  {
    false
  #Equals
    X:MyId in S1
  }
