  <k>
    diffResult ( S:Set ) ~> .
  </k>
#And
  {
    false
  #Equals
    X:MyId in S
  }
