  <k>
    diffResult ( SetItem ( X:MyId ) ) ~> .
  </k>
#And
  {
    false
  #Equals
    X:MyId in S
  }
