  <k>
    inSetResult ( true ) ~> .
  </k>
#And
  {
    false
  #Equals
    X:MyId in SET
    SetItem ( Z:MyId )
  }
#And
  {
    false
  #Equals
    Z:MyId in SET
  }
#And
  {
    true
  #Equals
    Y:MyId in SET
  }
