  #Not ( {
    X
  #Equals
    Y
  } )
#And
  <k>
    intersectResult ( intersectSet ( S , SetItem ( Y:MyId ) ) ) ~> .
  </k>
#And
  {
    false
  #Equals
    X:MyId in S
  }
[Error] Prover: backend terminated because the configuration cannot be rewritten further. See output for more details.
