  #Not ( {
    X
  #Equals
    Y
  } )
#And
  #Not ( {
    Y
  #Equals
    Z
  } )
#And
  <k>
    intersectResult ( false ) ~> .
  </k>
#And
  {
    false
  #Equals
    X:MyId in S
  }
