  <k>
    intersectResult ( intersectSet ( S1 , S2
    SetItem ( X:MyId ) ) ) ~> .
  </k>
#And
  {
    false
  #Equals
    X:MyId in S2
  }
