  <k>
    intersectResult ( Z:MyId in S
    SetItem ( X:MyId ) ) ~> .
  </k>
#And
  {
    false
  #Equals
    X:MyId in S
  }
