  #Not ( {
    X
  #Equals
    Z
  } )
#And
  <k>
    intersectResult ( Z:MyId in intersectSet ( S
    SetItem ( X:MyId ) , SetItem ( Y:MyId ) ) ) ~> .
  </k>
#And
  {
    false
  #Equals
    X:MyId in S
  }
