  <k>
    intersectResult ( intersectSet ( S
    SetItem ( X:MyId ) , SetItem ( Y:MyId ) ) ) ~> .
  </k>
#And
  {
    false
  #Equals
    X:MyId in S
  }
#And
  {
    false
  #Equals
    Y:MyId in S
  }
