  <k>
    intersectResult ( Z:MyId in SetItem ( Y:MyId ) ) ~> .
  </k>
#And
  {
    false
  #Equals
    Y:MyId in S
  }
