  <k>
    unionResult ( true ) ~> .
  </k>
#And
  {
    false
  #Equals
    X:MyId in S
  }
