  <k>
    unionResult ( Z:MyId in ( S
    SetItem ( X:MyId ) ) |Set SetItem ( Y:MyId ) ) ~> .
  </k>
#And
  {
    false
  #Equals
    X:MyId in S
  }
