  #Not ( {
    X
  #Equals
    Y
  } )
#And
  <k>
    diffResult ( SetItem ( Y:MyId ) -Set S ) ~> .
  </k>
#And
  {
    false
  #Equals
    X:MyId in S
  }
