  <k>
    diffResult ( ( S -Set SetItem ( Y:MyId ) )
    SetItem ( X:MyId ) ) ~> .
  </k>
#And
  {
    false
  #Equals
    X:MyId in S
  }
#And
  {
    true
  #Equals
    Y:MyId in S
  }
