  <k>
    diffResult ( false ) ~> .
  </k>
#And
  {
    false
  #Equals
    Z:MyId in S
  }
