  #Not ( {
    Y
  #Equals
    Z
  } )
#And
  <k>
    diffResult ( Z:MyId in S ) ~> .
  </k>
#And
  {
    false
  #Equals
    Y:MyId in S
  }
