  #Not ( {
    X
  #Equals
    Y
  } )
#And
  <k>
    unionResult ( ( S |Set SetItem ( Y:MyId ) )
    SetItem ( X:MyId ) ) ~> .
  </k>
#And
  {
    false
  #Equals
    X:MyId in S
  }
